Vivian Taylor & Damion Dayski PPV Sextape BG With Damion Dayski.mp
Gal Ritchie(Gal Ritchie's Fetish Night )p.mp
fapaton preview.mp
Connie Perignon   Angry Cafe Lay (..) p.mp
VIXEN  P.mp
zpuncLRIXPksIKYkVzjstWlx PkBHiAUMvkwY P.mp
fapaton.com TUSHY RAW  P.mp
xczyuc LKddQ srXjYlehCWpttVjRDZTfKnaBofA P.mp
TUSHY  P.mp
IsosOLaxsxRg TWCxnuutKVoPORTBBvIFzc P.mp
lyOKbMavyKMnYRQGowvOqMavCJpZhXu xk P.mp
VIXEN  P.mp
UUEGrotFcCq XhpnnpVipXPscvyYzwKDQYBg P.mp
Isa Bella, Meagan Moore, Lana Violet Oh Baby! He's A Cheaterp.mp
VIXEN  P.mp
DEEPER  P.mp
JswHaSFyA dKqKEjkjTMSnHYykBHArFLVkOk P.mp
VIXEN  P.mp
SZXORb JjDgxrhIVdVxcRATaXmfaZBTzII KE P.mp
ajiuBysNTUsiCmT Mbvp jLPXHB fHmgdEdhQaI P.mp
eFdxPiphpfggkzflnWRRVVhWUISeyMTnRc FHrF P.mp
Isa Bella, Meagan Moore, Lana Violet Oh Baby! He's A Cheaterp.mp
asiatour..a.date.with.tammy.tay.mp
Veronica Rodriguez I Know You From Somewhere    p.mp
njXxwKdVXacyrqXANXDjnNkkHXdhomeMWNpk P.mp
Reislin & Johnny Sins (..) p.mp
Lulu Chu   Poolside Bliss (..) p.mp
tiny sis becky summer full .mp
mylf singles sienna day full .mp
VIXEN  P.mp
fapaton.com  DEEPER  P.mp
shoplyfter remy woods full .mp
Ella Hughes(Pervy, Pranky, Portable Glory Hole)p.mp
Jess Nova   Grimy Club Fuck (..) p.mp
Alexis Fawx(At Full Intensity)p.mp
.mp
Miss Teela   Get A Feela Miss Teela p.mp
New sextape with jak palmer.mp
zNTZIunvFDAeDyYOJeYhEPnVsYjBAkkiaKRdk P.mp
VIXEN  P.mp
lO eiouUwjZ gPDYzrmCTBZEQbcDBMlTMWA P.mp
VIXEN  P.mp
paYSFunEAh CLPIojSRJqL OZyOtPA P.mp
Zoey Uso   Obsessed Exes Zoey Uso (..) p.mp
VIXEN  P.mp
